Thu, 27 Jul 2017 16:13:03 stress_test.py[line:24] INFO 线程初始化：thread0, 5
Thu, 27 Jul 2017 16:13:03 stress_test.py[line:16] INFO 发出请求...
Thu, 27 Jul 2017 16:13:03 stress_test.py[line:16] INFO 发出请求...
Thu, 27 Jul 2017 16:13:03 stress_test.py[line:16] INFO 发出请求...
Thu, 27 Jul 2017 16:13:03 stress_test.py[line:16] INFO 发出请求...
Thu, 27 Jul 2017 16:13:03 stress_test.py[line:16] INFO 发出请求...
Thu, 27 Jul 2017 16:13:03 stress_test.py[line:60] INFO 线程组1，运行1个并发总耗时:0.0019998550415 秒
Thu, 27 Jul 2017 16:13:03 stress_test.py[line:24] INFO 线程初始化：thread0, 5
Thu, 27 Jul 2017 16:13:03 stress_test.py[line:16] INFO 发出请求...
Thu, 27 Jul 2017 16:13:03 stress_test.py[line:16] INFO 发出请求...
Thu, 27 Jul 2017 16:13:03 stress_test.py[line:16] INFO 发出请求...
Thu, 27 Jul 2017 16:13:03 stress_test.py[line:16] INFO 发出请求...
Thu, 27 Jul 2017 16:13:03 stress_test.py[line:16] INFO 发出请求...
Thu, 27 Jul 2017 16:13:03 stress_test.py[line:60] INFO 线程组2，运行1个并发总耗时:0.0 秒
Thu, 27 Jul 2017 16:13:03 stress_test.py[line:24] INFO 线程初始化：thread0, 5
Thu, 27 Jul 2017 16:13:03 stress_test.py[line:16] INFO 发出请求...
Thu, 27 Jul 2017 16:13:03 stress_test.py[line:16] INFO 发出请求...
Thu, 27 Jul 2017 16:13:03 stress_test.py[line:16] INFO 发出请求...
Thu, 27 Jul 2017 16:13:03 stress_test.py[line:16] INFO 发出请求...
Thu, 27 Jul 2017 16:13:03 stress_test.py[line:16] INFO 发出请求...
Thu, 27 Jul 2017 16:13:03 stress_test.py[line:60] INFO 线程组3，运行1个并发总耗时:0.0 秒
Thu, 27 Jul 2017 16:13:03 stress_test.py[line:24] INFO 线程初始化：thread0, 5
Thu, 27 Jul 2017 16:13:03 stress_test.py[line:16] INFO 发出请求...
Thu, 27 Jul 2017 16:13:03 stress_test.py[line:16] INFO 发出请求...
Thu, 27 Jul 2017 16:13:03 stress_test.py[line:16] INFO 发出请求...
Thu, 27 Jul 2017 16:13:03 stress_test.py[line:16] INFO 发出请求...
Thu, 27 Jul 2017 16:13:03 stress_test.py[line:16] INFO 发出请求...
Thu, 27 Jul 2017 16:13:03 stress_test.py[line:60] INFO 线程组4，运行1个并发总耗时:0.000999927520752 秒
Thu, 27 Jul 2017 16:13:03 stress_test.py[line:24] INFO 线程初始化：thread0, 5
Thu, 27 Jul 2017 16:13:03 stress_test.py[line:16] INFO 发出请求...
Thu, 27 Jul 2017 16:13:03 stress_test.py[line:16] INFO 发出请求...
Thu, 27 Jul 2017 16:13:03 stress_test.py[line:16] INFO 发出请求...
Thu, 27 Jul 2017 16:13:03 stress_test.py[line:16] INFO 发出请求...
Thu, 27 Jul 2017 16:13:03 stress_test.py[line:16] INFO 发出请求...
Thu, 27 Jul 2017 16:13:03 stress_test.py[line:60] INFO 线程组5，运行1个并发总耗时:0.000999927520752 秒
Thu, 27 Jul 2017 16:13:03 stress_test.py[line:24] INFO 线程初始化：thread0, 5
Thu, 27 Jul 2017 16:13:03 stress_test.py[line:16] INFO 发出请求...
Thu, 27 Jul 2017 16:13:03 stress_test.py[line:16] INFO 发出请求...
Thu, 27 Jul 2017 16:13:03 stress_test.py[line:16] INFO 发出请求...
Thu, 27 Jul 2017 16:13:03 stress_test.py[line:16] INFO 发出请求...
Thu, 27 Jul 2017 16:13:03 stress_test.py[line:16] INFO 发出请求...
Thu, 27 Jul 2017 16:13:03 stress_test.py[line:60] INFO 线程组6，运行1个并发总耗时:0.00100016593933 秒
Thu, 27 Jul 2017 16:13:03 stress_test.py[line:24] INFO 线程初始化：thread0, 5
Thu, 27 Jul 2017 16:13:03 stress_test.py[line:16] INFO 发出请求...
Thu, 27 Jul 2017 16:13:03 stress_test.py[line:16] INFO 发出请求...
Thu, 27 Jul 2017 16:13:03 stress_test.py[line:16] INFO 发出请求...
Thu, 27 Jul 2017 16:13:03 stress_test.py[line:16] INFO 发出请求...
Thu, 27 Jul 2017 16:13:03 stress_test.py[line:16] INFO 发出请求...
Thu, 27 Jul 2017 16:13:03 stress_test.py[line:60] INFO 线程组7，运行1个并发总耗时:0.000999927520752 秒
Thu, 27 Jul 2017 16:13:03 stress_test.py[line:24] INFO 线程初始化：thread0, 5
Thu, 27 Jul 2017 16:13:03 stress_test.py[line:16] INFO 发出请求...
Thu, 27 Jul 2017 16:13:03 stress_test.py[line:16] INFO 发出请求...
Thu, 27 Jul 2017 16:13:03 stress_test.py[line:16] INFO 发出请求...
Thu, 27 Jul 2017 16:13:03 stress_test.py[line:16] INFO 发出请求...
Thu, 27 Jul 2017 16:13:03 stress_test.py[line:16] INFO 发出请求...
Thu, 27 Jul 2017 16:13:03 stress_test.py[line:60] INFO 线程组8，运行1个并发总耗时:0.000999927520752 秒
Thu, 27 Jul 2017 16:13:03 stress_test.py[line:24] INFO 线程初始化：thread0, 5
Thu, 27 Jul 2017 16:13:03 stress_test.py[line:16] INFO 发出请求...
Thu, 27 Jul 2017 16:13:03 stress_test.py[line:16] INFO 发出请求...
Thu, 27 Jul 2017 16:13:03 stress_test.py[line:16] INFO 发出请求...
Thu, 27 Jul 2017 16:13:03 stress_test.py[line:16] INFO 发出请求...
Thu, 27 Jul 2017 16:13:03 stress_test.py[line:16] INFO 发出请求...
Thu, 27 Jul 2017 16:13:03 stress_test.py[line:60] INFO 线程组9，运行1个并发总耗时:0.0 秒
Thu, 27 Jul 2017 16:13:03 stress_test.py[line:24] INFO 线程初始化：thread0, 5
Thu, 27 Jul 2017 16:13:03 stress_test.py[line:16] INFO 发出请求...
Thu, 27 Jul 2017 16:13:03 stress_test.py[line:16] INFO 发出请求...
Thu, 27 Jul 2017 16:13:03 stress_test.py[line:16] INFO 发出请求...
Thu, 27 Jul 2017 16:13:03 stress_test.py[line:16] INFO 发出请求...
Thu, 27 Jul 2017 16:13:03 stress_test.py[line:16] INFO 发出请求...
Thu, 27 Jul 2017 16:13:03 stress_test.py[line:60] INFO 线程组10，运行1个并发总耗时:0.00100016593933 秒
Thu, 27 Jul 2017 16:13:03 stress_test.py[line:24] INFO 线程初始化：thread0, 5
Thu, 27 Jul 2017 16:13:03 stress_test.py[line:16] INFO 发出请求...
Thu, 27 Jul 2017 16:13:03 stress_test.py[line:16] INFO 发出请求...
Thu, 27 Jul 2017 16:13:03 stress_test.py[line:16] INFO 发出请求...
Thu, 27 Jul 2017 16:13:03 stress_test.py[line:16] INFO 发出请求...
Thu, 27 Jul 2017 16:13:03 stress_test.py[line:16] INFO 发出请求...
Thu, 27 Jul 2017 16:13:03 stress_test.py[line:60] INFO 线程组11，运行1个并发总耗时:0.0 秒
Thu, 27 Jul 2017 16:13:03 stress_test.py[line:24] INFO 线程初始化：thread0, 5
Thu, 27 Jul 2017 16:13:03 stress_test.py[line:16] INFO 发出请求...
Thu, 27 Jul 2017 16:13:03 stress_test.py[line:16] INFO 发出请求...
Thu, 27 Jul 2017 16:13:03 stress_test.py[line:16] INFO 发出请求...
Thu, 27 Jul 2017 16:13:03 stress_test.py[line:16] INFO 发出请求...
Thu, 27 Jul 2017 16:13:03 stress_test.py[line:16] INFO 发出请求...
Thu, 27 Jul 2017 16:13:03 stress_test.py[line:60] INFO 线程组12，运行1个并发总耗时:0.000999927520752 秒
Thu, 27 Jul 2017 16:13:03 stress_test.py[line:24] INFO 线程初始化：thread0, 5
Thu, 27 Jul 2017 16:13:03 stress_test.py[line:16] INFO 发出请求...
Thu, 27 Jul 2017 16:13:03 stress_test.py[line:16] INFO 发出请求...
Thu, 27 Jul 2017 16:13:03 stress_test.py[line:16] INFO 发出请求...
Thu, 27 Jul 2017 16:13:03 stress_test.py[line:16] INFO 发出请求...
Thu, 27 Jul 2017 16:13:03 stress_test.py[line:16] INFO 发出请求...
Thu, 27 Jul 2017 16:13:03 stress_test.py[line:60] INFO 线程组13，运行1个并发总耗时:0.0 秒
Thu, 27 Jul 2017 16:13:03 stress_test.py[line:24] INFO 线程初始化：thread0, 5
Thu, 27 Jul 2017 16:13:03 stress_test.py[line:16] INFO 发出请求...
Thu, 27 Jul 2017 16:13:03 stress_test.py[line:16] INFO 发出请求...
Thu, 27 Jul 2017 16:13:03 stress_test.py[line:16] INFO 发出请求...
Thu, 27 Jul 2017 16:13:03 stress_test.py[line:16] INFO 发出请求...
Thu, 27 Jul 2017 16:13:03 stress_test.py[line:16] INFO 发出请求...
Thu, 27 Jul 2017 16:13:03 stress_test.py[line:60] INFO 线程组14，运行1个并发总耗时:0.0 秒
Thu, 27 Jul 2017 16:13:03 stress_test.py[line:24] INFO 线程初始化：thread0, 5
Thu, 27 Jul 2017 16:13:03 stress_test.py[line:16] INFO 发出请求...
Thu, 27 Jul 2017 16:13:03 stress_test.py[line:16] INFO 发出请求...
Thu, 27 Jul 2017 16:13:03 stress_test.py[line:16] INFO 发出请求...
Thu, 27 Jul 2017 16:13:03 stress_test.py[line:16] INFO 发出请求...
Thu, 27 Jul 2017 16:13:03 stress_test.py[line:16] INFO 发出请求...
Thu, 27 Jul 2017 16:13:03 stress_test.py[line:60] INFO 线程组15，运行1个并发总耗时:0.0 秒
Thu, 27 Jul 2017 16:13:03 stress_test.py[line:24] INFO 线程初始化：thread0, 5
Thu, 27 Jul 2017 16:13:03 stress_test.py[line:16] INFO 发出请求...
Thu, 27 Jul 2017 16:13:03 stress_test.py[line:16] INFO 发出请求...
Thu, 27 Jul 2017 16:13:03 stress_test.py[line:16] INFO 发出请求...
Thu, 27 Jul 2017 16:13:03 stress_test.py[line:16] INFO 发出请求...
Thu, 27 Jul 2017 16:13:03 stress_test.py[line:16] INFO 发出请求...
Thu, 27 Jul 2017 16:13:03 stress_test.py[line:60] INFO 线程组16，运行1个并发总耗时:0.0 秒
Thu, 27 Jul 2017 16:13:03 stress_test.py[line:24] INFO 线程初始化：thread0, 5
Thu, 27 Jul 2017 16:13:03 stress_test.py[line:16] INFO 发出请求...
Thu, 27 Jul 2017 16:13:03 stress_test.py[line:16] INFO 发出请求...
Thu, 27 Jul 2017 16:13:03 stress_test.py[line:16] INFO 发出请求...
Thu, 27 Jul 2017 16:13:03 stress_test.py[line:16] INFO 发出请求...
Thu, 27 Jul 2017 16:13:03 stress_test.py[line:16] INFO 发出请求...
Thu, 27 Jul 2017 16:13:03 stress_test.py[line:60] INFO 线程组17，运行1个并发总耗时:0.000999927520752 秒
Thu, 27 Jul 2017 16:13:03 stress_test.py[line:24] INFO 线程初始化：thread0, 5
Thu, 27 Jul 2017 16:13:03 stress_test.py[line:16] INFO 发出请求...
Thu, 27 Jul 2017 16:13:03 stress_test.py[line:16] INFO 发出请求...
Thu, 27 Jul 2017 16:13:03 stress_test.py[line:16] INFO 发出请求...
Thu, 27 Jul 2017 16:13:03 stress_test.py[line:16] INFO 发出请求...
Thu, 27 Jul 2017 16:13:03 stress_test.py[line:16] INFO 发出请求...
Thu, 27 Jul 2017 16:13:03 stress_test.py[line:60] INFO 线程组18，运行1个并发总耗时:0.0 秒
Thu, 27 Jul 2017 16:13:03 stress_test.py[line:24] INFO 线程初始化：thread0, 5
Thu, 27 Jul 2017 16:13:03 stress_test.py[line:16] INFO 发出请求...
Thu, 27 Jul 2017 16:13:03 stress_test.py[line:16] INFO 发出请求...
Thu, 27 Jul 2017 16:13:03 stress_test.py[line:16] INFO 发出请求...
Thu, 27 Jul 2017 16:13:03 stress_test.py[line:16] INFO 发出请求...
Thu, 27 Jul 2017 16:13:03 stress_test.py[line:16] INFO 发出请求...
Thu, 27 Jul 2017 16:13:03 stress_test.py[line:60] INFO 线程组19，运行1个并发总耗时:0.00100016593933 秒
Thu, 27 Jul 2017 16:13:03 stress_test.py[line:24] INFO 线程初始化：thread0, 5
Thu, 27 Jul 2017 16:13:03 stress_test.py[line:16] INFO 发出请求...
Thu, 27 Jul 2017 16:13:03 stress_test.py[line:16] INFO 发出请求...
Thu, 27 Jul 2017 16:13:03 stress_test.py[line:16] INFO 发出请求...
Thu, 27 Jul 2017 16:13:03 stress_test.py[line:16] INFO 发出请求...
Thu, 27 Jul 2017 16:13:03 stress_test.py[line:16] INFO 发出请求...
Thu, 27 Jul 2017 16:13:03 stress_test.py[line:60] INFO 线程组20，运行1个并发总耗时:0.0 秒
Thu, 27 Jul 2017 16:13:03 stress_test.py[line:24] INFO 线程初始化：thread0, 5
Thu, 27 Jul 2017 16:13:03 stress_test.py[line:16] INFO 发出请求...
Thu, 27 Jul 2017 16:13:03 stress_test.py[line:16] INFO 发出请求...
Thu, 27 Jul 2017 16:13:03 stress_test.py[line:16] INFO 发出请求...
Thu, 27 Jul 2017 16:13:03 stress_test.py[line:16] INFO 发出请求...
Thu, 27 Jul 2017 16:13:03 stress_test.py[line:16] INFO 发出请求...
Thu, 27 Jul 2017 16:13:03 stress_test.py[line:60] INFO 线程组21，运行1个并发总耗时:0.0 秒
Thu, 27 Jul 2017 16:13:03 stress_test.py[line:24] INFO 线程初始化：thread0, 5
Thu, 27 Jul 2017 16:13:03 stress_test.py[line:16] INFO 发出请求...
Thu, 27 Jul 2017 16:13:03 stress_test.py[line:16] INFO 发出请求...
Thu, 27 Jul 2017 16:13:03 stress_test.py[line:16] INFO 发出请求...
Thu, 27 Jul 2017 16:13:03 stress_test.py[line:16] INFO 发出请求...
Thu, 27 Jul 2017 16:13:03 stress_test.py[line:16] INFO 发出请求...
Thu, 27 Jul 2017 16:13:03 stress_test.py[line:60] INFO 线程组22，运行1个并发总耗时:0.000999927520752 秒
Thu, 27 Jul 2017 16:13:03 stress_test.py[line:24] INFO 线程初始化：thread0, 5
Thu, 27 Jul 2017 16:13:03 stress_test.py[line:16] INFO 发出请求...
Thu, 27 Jul 2017 16:13:03 stress_test.py[line:16] INFO 发出请求...
Thu, 27 Jul 2017 16:13:03 stress_test.py[line:16] INFO 发出请求...
Thu, 27 Jul 2017 16:13:03 stress_test.py[line:16] INFO 发出请求...
Thu, 27 Jul 2017 16:13:03 stress_test.py[line:16] INFO 发出请求...
Thu, 27 Jul 2017 16:13:03 stress_test.py[line:60] INFO 线程组23，运行1个并发总耗时:0.0 秒
Thu, 27 Jul 2017 16:13:03 stress_test.py[line:24] INFO 线程初始化：thread0, 5
Thu, 27 Jul 2017 16:13:03 stress_test.py[line:16] INFO 发出请求...
Thu, 27 Jul 2017 16:13:03 stress_test.py[line:16] INFO 发出请求...
Thu, 27 Jul 2017 16:13:03 stress_test.py[line:16] INFO 发出请求...
Thu, 27 Jul 2017 16:13:03 stress_test.py[line:16] INFO 发出请求...
Thu, 27 Jul 2017 16:13:03 stress_test.py[line:16] INFO 发出请求...
Thu, 27 Jul 2017 16:13:03 stress_test.py[line:60] INFO 线程组24，运行1个并发总耗时:0.0 秒
Thu, 27 Jul 2017 16:13:03 stress_test.py[line:24] INFO 线程初始化：thread0, 5
Thu, 27 Jul 2017 16:13:03 stress_test.py[line:16] INFO 发出请求...
Thu, 27 Jul 2017 16:13:03 stress_test.py[line:16] INFO 发出请求...
Thu, 27 Jul 2017 16:13:03 stress_test.py[line:16] INFO 发出请求...
Thu, 27 Jul 2017 16:13:03 stress_test.py[line:16] INFO 发出请求...
Thu, 27 Jul 2017 16:13:03 stress_test.py[line:16] INFO 发出请求...
Thu, 27 Jul 2017 16:13:03 stress_test.py[line:60] INFO 线程组25，运行1个并发总耗时:0.0 秒
Thu, 27 Jul 2017 16:13:03 stress_test.py[line:24] INFO 线程初始化：thread0, 5
Thu, 27 Jul 2017 16:13:03 stress_test.py[line:16] INFO 发出请求...
Thu, 27 Jul 2017 16:13:03 stress_test.py[line:16] INFO 发出请求...
Thu, 27 Jul 2017 16:13:03 stress_test.py[line:16] INFO 发出请求...
Thu, 27 Jul 2017 16:13:03 stress_test.py[line:16] INFO 发出请求...
Thu, 27 Jul 2017 16:13:03 stress_test.py[line:16] INFO 发出请求...
Thu, 27 Jul 2017 16:13:03 stress_test.py[line:60] INFO 线程组26，运行1个并发总耗时:0.0 秒
Thu, 27 Jul 2017 16:13:03 stress_test.py[line:24] INFO 线程初始化：thread0, 5
Thu, 27 Jul 2017 16:13:03 stress_test.py[line:16] INFO 发出请求...
Thu, 27 Jul 2017 16:13:03 stress_test.py[line:16] INFO 发出请求...
Thu, 27 Jul 2017 16:13:03 stress_test.py[line:16] INFO 发出请求...
Thu, 27 Jul 2017 16:13:03 stress_test.py[line:16] INFO 发出请求...
Thu, 27 Jul 2017 16:13:03 stress_test.py[line:16] INFO 发出请求...
Thu, 27 Jul 2017 16:13:03 stress_test.py[line:60] INFO 线程组27，运行1个并发总耗时:0.00100016593933 秒
Thu, 27 Jul 2017 16:13:03 stress_test.py[line:24] INFO 线程初始化：thread0, 5
Thu, 27 Jul 2017 16:13:03 stress_test.py[line:16] INFO 发出请求...
Thu, 27 Jul 2017 16:13:03 stress_test.py[line:16] INFO 发出请求...
Thu, 27 Jul 2017 16:13:03 stress_test.py[line:16] INFO 发出请求...
Thu, 27 Jul 2017 16:13:03 stress_test.py[line:16] INFO 发出请求...
Thu, 27 Jul 2017 16:13:03 stress_test.py[line:16] INFO 发出请求...
Thu, 27 Jul 2017 16:13:03 stress_test.py[line:60] INFO 线程组28，运行1个并发总耗时:0.0 秒
Thu, 27 Jul 2017 16:13:03 stress_test.py[line:24] INFO 线程初始化：thread0, 5
Thu, 27 Jul 2017 16:13:03 stress_test.py[line:16] INFO 发出请求...
Thu, 27 Jul 2017 16:13:03 stress_test.py[line:16] INFO 发出请求...
Thu, 27 Jul 2017 16:13:03 stress_test.py[line:16] INFO 发出请求...
Thu, 27 Jul 2017 16:13:03 stress_test.py[line:16] INFO 发出请求...
Thu, 27 Jul 2017 16:13:03 stress_test.py[line:16] INFO 发出请求...
Thu, 27 Jul 2017 16:13:03 stress_test.py[line:60] INFO 线程组29，运行1个并发总耗时:0.0 秒
Thu, 27 Jul 2017 16:13:03 stress_test.py[line:24] INFO 线程初始化：thread0, 5
Thu, 27 Jul 2017 16:13:03 stress_test.py[line:16] INFO 发出请求...
Thu, 27 Jul 2017 16:13:03 stress_test.py[line:16] INFO 发出请求...
Thu, 27 Jul 2017 16:13:03 stress_test.py[line:16] INFO 发出请求...
Thu, 27 Jul 2017 16:13:03 stress_test.py[line:16] INFO 发出请求...
Thu, 27 Jul 2017 16:13:03 stress_test.py[line:16] INFO 发出请求...
Thu, 27 Jul 2017 16:13:03 stress_test.py[line:60] INFO 线程组30，运行1个并发总耗时:0.000999927520752 秒
Thu, 27 Jul 2017 16:13:03 stress_test.py[line:24] INFO 线程初始化：thread0, 5
Thu, 27 Jul 2017 16:13:03 stress_test.py[line:16] INFO 发出请求...
Thu, 27 Jul 2017 16:13:03 stress_test.py[line:16] INFO 发出请求...
Thu, 27 Jul 2017 16:13:03 stress_test.py[line:16] INFO 发出请求...
Thu, 27 Jul 2017 16:13:03 stress_test.py[line:16] INFO 发出请求...
Thu, 27 Jul 2017 16:13:03 stress_test.py[line:16] INFO 发出请求...
Thu, 27 Jul 2017 16:13:03 stress_test.py[line:60] INFO 线程组31，运行1个并发总耗时:0.0 秒
Thu, 27 Jul 2017 16:13:03 stress_test.py[line:24] INFO 线程初始化：thread0, 5
Thu, 27 Jul 2017 16:13:03 stress_test.py[line:16] INFO 发出请求...
Thu, 27 Jul 2017 16:13:03 stress_test.py[line:16] INFO 发出请求...
Thu, 27 Jul 2017 16:13:03 stress_test.py[line:16] INFO 发出请求...
Thu, 27 Jul 2017 16:13:03 stress_test.py[line:16] INFO 发出请求...
Thu, 27 Jul 2017 16:13:03 stress_test.py[line:16] INFO 发出请求...
Thu, 27 Jul 2017 16:13:03 stress_test.py[line:60] INFO 线程组32，运行1个并发总耗时:0.000999927520752 秒
Thu, 27 Jul 2017 16:13:03 stress_test.py[line:24] INFO 线程初始化：thread0, 5
Thu, 27 Jul 2017 16:13:03 stress_test.py[line:16] INFO 发出请求...
Thu, 27 Jul 2017 16:13:03 stress_test.py[line:16] INFO 发出请求...
Thu, 27 Jul 2017 16:13:03 stress_test.py[line:16] INFO 发出请求...
Thu, 27 Jul 2017 16:13:03 stress_test.py[line:16] INFO 发出请求...
Thu, 27 Jul 2017 16:13:03 stress_test.py[line:16] INFO 发出请求...
Thu, 27 Jul 2017 16:13:03 stress_test.py[line:60] INFO 线程组33，运行1个并发总耗时:0.0 秒
Thu, 27 Jul 2017 16:13:03 stress_test.py[line:24] INFO 线程初始化：thread0, 5
Thu, 27 Jul 2017 16:13:03 stress_test.py[line:16] INFO 发出请求...
Thu, 27 Jul 2017 16:13:03 stress_test.py[line:16] INFO 发出请求...
Thu, 27 Jul 2017 16:13:03 stress_test.py[line:16] INFO 发出请求...
Thu, 27 Jul 2017 16:13:03 stress_test.py[line:16] INFO 发出请求...
Thu, 27 Jul 2017 16:13:03 stress_test.py[line:16] INFO 发出请求...
Thu, 27 Jul 2017 16:13:03 stress_test.py[line:60] INFO 线程组34，运行1个并发总耗时:0.0 秒
Thu, 27 Jul 2017 16:13:03 stress_test.py[line:24] INFO 线程初始化：thread0, 5
Thu, 27 Jul 2017 16:13:03 stress_test.py[line:16] INFO 发出请求...
Thu, 27 Jul 2017 16:13:03 stress_test.py[line:16] INFO 发出请求...
Thu, 27 Jul 2017 16:13:03 stress_test.py[line:16] INFO 发出请求...
Thu, 27 Jul 2017 16:13:03 stress_test.py[line:16] INFO 发出请求...
Thu, 27 Jul 2017 16:13:03 stress_test.py[line:16] INFO 发出请求...
Thu, 27 Jul 2017 16:13:03 stress_test.py[line:60] INFO 线程组35，运行1个并发总耗时:0.00100016593933 秒
Thu, 27 Jul 2017 16:13:03 stress_test.py[line:24] INFO 线程初始化：thread0, 5
Thu, 27 Jul 2017 16:13:03 stress_test.py[line:16] INFO 发出请求...
Thu, 27 Jul 2017 16:13:03 stress_test.py[line:16] INFO 发出请求...
Thu, 27 Jul 2017 16:13:03 stress_test.py[line:16] INFO 发出请求...
Thu, 27 Jul 2017 16:13:03 stress_test.py[line:16] INFO 发出请求...
Thu, 27 Jul 2017 16:13:03 stress_test.py[line:16] INFO 发出请求...
Thu, 27 Jul 2017 16:13:03 stress_test.py[line:60] INFO 线程组36，运行1个并发总耗时:0.0 秒
Thu, 27 Jul 2017 16:13:03 stress_test.py[line:24] INFO 线程初始化：thread0, 5
Thu, 27 Jul 2017 16:13:03 stress_test.py[line:16] INFO 发出请求...
Thu, 27 Jul 2017 16:13:03 stress_test.py[line:16] INFO 发出请求...
Thu, 27 Jul 2017 16:13:03 stress_test.py[line:16] INFO 发出请求...
Thu, 27 Jul 2017 16:13:03 stress_test.py[line:16] INFO 发出请求...
Thu, 27 Jul 2017 16:13:03 stress_test.py[line:16] INFO 发出请求...
Thu, 27 Jul 2017 16:13:03 stress_test.py[line:60] INFO 线程组37，运行1个并发总耗时:0.0 秒
Thu, 27 Jul 2017 16:13:03 stress_test.py[line:24] INFO 线程初始化：thread0, 5
Thu, 27 Jul 2017 16:13:03 stress_test.py[line:16] INFO 发出请求...
Thu, 27 Jul 2017 16:13:03 stress_test.py[line:16] INFO 发出请求...
Thu, 27 Jul 2017 16:13:03 stress_test.py[line:16] INFO 发出请求...
Thu, 27 Jul 2017 16:13:03 stress_test.py[line:16] INFO 发出请求...
Thu, 27 Jul 2017 16:13:03 stress_test.py[line:16] INFO 发出请求...
Thu, 27 Jul 2017 16:13:03 stress_test.py[line:60] INFO 线程组38，运行1个并发总耗时:0.0 秒
Thu, 27 Jul 2017 16:13:03 stress_test.py[line:24] INFO 线程初始化：thread0, 5
Thu, 27 Jul 2017 16:13:03 stress_test.py[line:16] INFO 发出请求...
Thu, 27 Jul 2017 16:13:03 stress_test.py[line:16] INFO 发出请求...
Thu, 27 Jul 2017 16:13:03 stress_test.py[line:16] INFO 发出请求...
Thu, 27 Jul 2017 16:13:03 stress_test.py[line:16] INFO 发出请求...
Thu, 27 Jul 2017 16:13:03 stress_test.py[line:16] INFO 发出请求...
Thu, 27 Jul 2017 16:13:03 stress_test.py[line:60] INFO 线程组39，运行1个并发总耗时:0.0 秒
Thu, 27 Jul 2017 16:13:03 stress_test.py[line:24] INFO 线程初始化：thread0, 5
Thu, 27 Jul 2017 16:13:03 stress_test.py[line:16] INFO 发出请求...
Thu, 27 Jul 2017 16:13:03 stress_test.py[line:16] INFO 发出请求...
Thu, 27 Jul 2017 16:13:03 stress_test.py[line:16] INFO 发出请求...
Thu, 27 Jul 2017 16:13:03 stress_test.py[line:16] INFO 发出请求...
Thu, 27 Jul 2017 16:13:03 stress_test.py[line:16] INFO 发出请求...
Thu, 27 Jul 2017 16:13:03 stress_test.py[line:60] INFO 线程组40，运行1个并发总耗时:0.000999927520752 秒
Thu, 27 Jul 2017 16:13:03 stress_test.py[line:24] INFO 线程初始化：thread0, 5
Thu, 27 Jul 2017 16:13:03 stress_test.py[line:16] INFO 发出请求...
Thu, 27 Jul 2017 16:13:03 stress_test.py[line:16] INFO 发出请求...
Thu, 27 Jul 2017 16:13:03 stress_test.py[line:16] INFO 发出请求...
Thu, 27 Jul 2017 16:13:03 stress_test.py[line:16] INFO 发出请求...
Thu, 27 Jul 2017 16:13:03 stress_test.py[line:16] INFO 发出请求...
Thu, 27 Jul 2017 16:13:03 stress_test.py[line:60] INFO 线程组41，运行1个并发总耗时:0.0 秒
Thu, 27 Jul 2017 16:13:03 stress_test.py[line:24] INFO 线程初始化：thread0, 5
Thu, 27 Jul 2017 16:13:03 stress_test.py[line:16] INFO 发出请求...
Thu, 27 Jul 2017 16:13:03 stress_test.py[line:16] INFO 发出请求...
Thu, 27 Jul 2017 16:13:03 stress_test.py[line:16] INFO 发出请求...
Thu, 27 Jul 2017 16:13:03 stress_test.py[line:16] INFO 发出请求...
Thu, 27 Jul 2017 16:13:03 stress_test.py[line:16] INFO 发出请求...
Thu, 27 Jul 2017 16:13:03 stress_test.py[line:60] INFO 线程组42，运行1个并发总耗时:0.00100016593933 秒
Thu, 27 Jul 2017 16:13:03 stress_test.py[line:24] INFO 线程初始化：thread0, 5
Thu, 27 Jul 2017 16:13:03 stress_test.py[line:16] INFO 发出请求...
Thu, 27 Jul 2017 16:13:03 stress_test.py[line:16] INFO 发出请求...
Thu, 27 Jul 2017 16:13:03 stress_test.py[line:16] INFO 发出请求...
Thu, 27 Jul 2017 16:13:03 stress_test.py[line:16] INFO 发出请求...
Thu, 27 Jul 2017 16:13:03 stress_test.py[line:16] INFO 发出请求...
Thu, 27 Jul 2017 16:13:03 stress_test.py[line:60] INFO 线程组43，运行1个并发总耗时:0.0 秒
Thu, 27 Jul 2017 16:13:03 stress_test.py[line:24] INFO 线程初始化：thread0, 5
Thu, 27 Jul 2017 16:13:03 stress_test.py[line:16] INFO 发出请求...
Thu, 27 Jul 2017 16:13:03 stress_test.py[line:16] INFO 发出请求...
Thu, 27 Jul 2017 16:13:03 stress_test.py[line:16] INFO 发出请求...
Thu, 27 Jul 2017 16:13:03 stress_test.py[line:16] INFO 发出请求...
Thu, 27 Jul 2017 16:13:03 stress_test.py[line:16] INFO 发出请求...
Thu, 27 Jul 2017 16:13:03 stress_test.py[line:60] INFO 线程组44，运行1个并发总耗时:0.0 秒
Thu, 27 Jul 2017 16:13:03 stress_test.py[line:24] INFO 线程初始化：thread0, 5
Thu, 27 Jul 2017 16:13:03 stress_test.py[line:16] INFO 发出请求...
Thu, 27 Jul 2017 16:13:03 stress_test.py[line:16] INFO 发出请求...
Thu, 27 Jul 2017 16:13:03 stress_test.py[line:16] INFO 发出请求...
Thu, 27 Jul 2017 16:13:03 stress_test.py[line:16] INFO 发出请求...
Thu, 27 Jul 2017 16:13:03 stress_test.py[line:16] INFO 发出请求...
Thu, 27 Jul 2017 16:13:03 stress_test.py[line:60] INFO 线程组45，运行1个并发总耗时:0.0 秒
Thu, 27 Jul 2017 16:13:03 stress_test.py[line:24] INFO 线程初始化：thread0, 5
Thu, 27 Jul 2017 16:13:03 stress_test.py[line:16] INFO 发出请求...
Thu, 27 Jul 2017 16:13:03 stress_test.py[line:16] INFO 发出请求...
Thu, 27 Jul 2017 16:13:03 stress_test.py[line:16] INFO 发出请求...
Thu, 27 Jul 2017 16:13:03 stress_test.py[line:16] INFO 发出请求...
Thu, 27 Jul 2017 16:13:03 stress_test.py[line:16] INFO 发出请求...
Thu, 27 Jul 2017 16:13:03 stress_test.py[line:60] INFO 线程组46，运行1个并发总耗时:0.0 秒
Thu, 27 Jul 2017 16:13:03 stress_test.py[line:24] INFO 线程初始化：thread0, 5
Thu, 27 Jul 2017 16:13:03 stress_test.py[line:16] INFO 发出请求...
Thu, 27 Jul 2017 16:13:03 stress_test.py[line:16] INFO 发出请求...
Thu, 27 Jul 2017 16:13:03 stress_test.py[line:16] INFO 发出请求...
Thu, 27 Jul 2017 16:13:03 stress_test.py[line:16] INFO 发出请求...
Thu, 27 Jul 2017 16:13:03 stress_test.py[line:16] INFO 发出请求...
Thu, 27 Jul 2017 16:13:03 stress_test.py[line:60] INFO 线程组47，运行1个并发总耗时:0.000999927520752 秒
Thu, 27 Jul 2017 16:13:03 stress_test.py[line:24] INFO 线程初始化：thread0, 5
Thu, 27 Jul 2017 16:13:03 stress_test.py[line:16] INFO 发出请求...
Thu, 27 Jul 2017 16:13:03 stress_test.py[line:16] INFO 发出请求...
Thu, 27 Jul 2017 16:13:03 stress_test.py[line:16] INFO 发出请求...
Thu, 27 Jul 2017 16:13:03 stress_test.py[line:16] INFO 发出请求...
Thu, 27 Jul 2017 16:13:03 stress_test.py[line:16] INFO 发出请求...
Thu, 27 Jul 2017 16:13:03 stress_test.py[line:60] INFO 线程组48，运行1个并发总耗时:0.0 秒
Thu, 27 Jul 2017 16:13:03 stress_test.py[line:24] INFO 线程初始化：thread0, 5
Thu, 27 Jul 2017 16:13:03 stress_test.py[line:16] INFO 发出请求...
Thu, 27 Jul 2017 16:13:03 stress_test.py[line:16] INFO 发出请求...
Thu, 27 Jul 2017 16:13:03 stress_test.py[line:16] INFO 发出请求...
Thu, 27 Jul 2017 16:13:03 stress_test.py[line:16] INFO 发出请求...
Thu, 27 Jul 2017 16:13:03 stress_test.py[line:16] INFO 发出请求...
Thu, 27 Jul 2017 16:13:03 stress_test.py[line:60] INFO 线程组49，运行1个并发总耗时:0.0 秒
Thu, 27 Jul 2017 16:13:03 stress_test.py[line:24] INFO 线程初始化：thread0, 5
Thu, 27 Jul 2017 16:13:03 stress_test.py[line:16] INFO 发出请求...
Thu, 27 Jul 2017 16:13:03 stress_test.py[line:16] INFO 发出请求...
Thu, 27 Jul 2017 16:13:03 stress_test.py[line:16] INFO 发出请求...
Thu, 27 Jul 2017 16:13:03 stress_test.py[line:16] INFO 发出请求...
Thu, 27 Jul 2017 16:13:03 stress_test.py[line:16] INFO 发出请求...
Thu, 27 Jul 2017 16:13:03 stress_test.py[line:60] INFO 线程组50，运行1个并发总耗时:0.000999927520752 秒
Thu, 27 Jul 2017 16:13:03 stress_test.py[line:24] INFO 线程初始化：thread0, 5
Thu, 27 Jul 2017 16:13:03 stress_test.py[line:16] INFO 发出请求...
Thu, 27 Jul 2017 16:13:03 stress_test.py[line:16] INFO 发出请求...
Thu, 27 Jul 2017 16:13:03 stress_test.py[line:16] INFO 发出请求...
Thu, 27 Jul 2017 16:13:03 stress_test.py[line:16] INFO 发出请求...
Thu, 27 Jul 2017 16:13:03 stress_test.py[line:16] INFO 发出请求...
Thu, 27 Jul 2017 16:13:03 stress_test.py[line:60] INFO 线程组51，运行1个并发总耗时:0.0 秒
Thu, 27 Jul 2017 16:13:03 stress_test.py[line:24] INFO 线程初始化：thread0, 5
Thu, 27 Jul 2017 16:13:03 stress_test.py[line:16] INFO 发出请求...
Thu, 27 Jul 2017 16:13:03 stress_test.py[line:16] INFO 发出请求...
Thu, 27 Jul 2017 16:13:03 stress_test.py[line:16] INFO 发出请求...
Thu, 27 Jul 2017 16:13:03 stress_test.py[line:16] INFO 发出请求...
Thu, 27 Jul 2017 16:13:03 stress_test.py[line:16] INFO 发出请求...
Thu, 27 Jul 2017 16:13:03 stress_test.py[line:60] INFO 线程组52，运行1个并发总耗时:0.00100016593933 秒
Thu, 27 Jul 2017 16:13:03 stress_test.py[line:24] INFO 线程初始化：thread0, 5
Thu, 27 Jul 2017 16:13:03 stress_test.py[line:16] INFO 发出请求...
Thu, 27 Jul 2017 16:13:03 stress_test.py[line:16] INFO 发出请求...
Thu, 27 Jul 2017 16:13:03 stress_test.py[line:16] INFO 发出请求...
Thu, 27 Jul 2017 16:13:03 stress_test.py[line:16] INFO 发出请求...
Thu, 27 Jul 2017 16:13:03 stress_test.py[line:16] INFO 发出请求...
Thu, 27 Jul 2017 16:13:03 stress_test.py[line:60] INFO 线程组53，运行1个并发总耗时:0.0 秒
Thu, 27 Jul 2017 16:13:03 stress_test.py[line:24] INFO 线程初始化：thread0, 5
Thu, 27 Jul 2017 16:13:03 stress_test.py[line:16] INFO 发出请求...
Thu, 27 Jul 2017 16:13:03 stress_test.py[line:16] INFO 发出请求...
Thu, 27 Jul 2017 16:13:03 stress_test.py[line:16] INFO 发出请求...
Thu, 27 Jul 2017 16:13:03 stress_test.py[line:16] INFO 发出请求...
Thu, 27 Jul 2017 16:13:03 stress_test.py[line:16] INFO 发出请求...
Thu, 27 Jul 2017 16:13:03 stress_test.py[line:60] INFO 线程组54，运行1个并发总耗时:0.0 秒
Thu, 27 Jul 2017 16:13:03 stress_test.py[line:24] INFO 线程初始化：thread0, 5
Thu, 27 Jul 2017 16:13:03 stress_test.py[line:16] INFO 发出请求...
Thu, 27 Jul 2017 16:13:03 stress_test.py[line:16] INFO 发出请求...
Thu, 27 Jul 2017 16:13:03 stress_test.py[line:16] INFO 发出请求...
Thu, 27 Jul 2017 16:13:03 stress_test.py[line:16] INFO 发出请求...
Thu, 27 Jul 2017 16:13:03 stress_test.py[line:16] INFO 发出请求...
Thu, 27 Jul 2017 16:13:03 stress_test.py[line:60] INFO 线程组55，运行1个并发总耗时:0.000999927520752 秒
Thu, 27 Jul 2017 16:13:03 stress_test.py[line:24] INFO 线程初始化：thread0, 5
Thu, 27 Jul 2017 16:13:03 stress_test.py[line:16] INFO 发出请求...
Thu, 27 Jul 2017 16:13:03 stress_test.py[line:16] INFO 发出请求...
Thu, 27 Jul 2017 16:13:03 stress_test.py[line:16] INFO 发出请求...
Thu, 27 Jul 2017 16:13:03 stress_test.py[line:16] INFO 发出请求...
Thu, 27 Jul 2017 16:13:03 stress_test.py[line:16] INFO 发出请求...
Thu, 27 Jul 2017 16:13:03 stress_test.py[line:60] INFO 线程组56，运行1个并发总耗时:0.0 秒
Thu, 27 Jul 2017 16:13:03 stress_test.py[line:24] INFO 线程初始化：thread0, 5
Thu, 27 Jul 2017 16:13:03 stress_test.py[line:16] INFO 发出请求...
Thu, 27 Jul 2017 16:13:03 stress_test.py[line:16] INFO 发出请求...
Thu, 27 Jul 2017 16:13:03 stress_test.py[line:16] INFO 发出请求...
Thu, 27 Jul 2017 16:13:03 stress_test.py[line:16] INFO 发出请求...
Thu, 27 Jul 2017 16:13:03 stress_test.py[line:16] INFO 发出请求...
Thu, 27 Jul 2017 16:13:03 stress_test.py[line:60] INFO 线程组57，运行1个并发总耗时:0.000999927520752 秒
Thu, 27 Jul 2017 16:13:03 stress_test.py[line:24] INFO 线程初始化：thread0, 5
Thu, 27 Jul 2017 16:13:03 stress_test.py[line:16] INFO 发出请求...
Thu, 27 Jul 2017 16:13:03 stress_test.py[line:16] INFO 发出请求...
Thu, 27 Jul 2017 16:13:03 stress_test.py[line:16] INFO 发出请求...
Thu, 27 Jul 2017 16:13:03 stress_test.py[line:16] INFO 发出请求...
Thu, 27 Jul 2017 16:13:03 stress_test.py[line:16] INFO 发出请求...
Thu, 27 Jul 2017 16:13:03 stress_test.py[line:60] INFO 线程组58，运行1个并发总耗时:0.0 秒
Thu, 27 Jul 2017 16:13:03 stress_test.py[line:24] INFO 线程初始化：thread0, 5
Thu, 27 Jul 2017 16:13:03 stress_test.py[line:16] INFO 发出请求...
Thu, 27 Jul 2017 16:13:03 stress_test.py[line:16] INFO 发出请求...
Thu, 27 Jul 2017 16:13:03 stress_test.py[line:16] INFO 发出请求...
Thu, 27 Jul 2017 16:13:03 stress_test.py[line:16] INFO 发出请求...
Thu, 27 Jul 2017 16:13:03 stress_test.py[line:16] INFO 发出请求...
Thu, 27 Jul 2017 16:13:03 stress_test.py[line:60] INFO 线程组59，运行1个并发总耗时:0.0 秒
Thu, 27 Jul 2017 16:13:03 stress_test.py[line:24] INFO 线程初始化：thread0, 5
Thu, 27 Jul 2017 16:13:03 stress_test.py[line:16] INFO 发出请求...
Thu, 27 Jul 2017 16:13:03 stress_test.py[line:16] INFO 发出请求...
Thu, 27 Jul 2017 16:13:03 stress_test.py[line:16] INFO 发出请求...
Thu, 27 Jul 2017 16:13:03 stress_test.py[line:16] INFO 发出请求...
Thu, 27 Jul 2017 16:13:03 stress_test.py[line:16] INFO 发出请求...
Thu, 27 Jul 2017 16:13:03 stress_test.py[line:60] INFO 线程组60，运行1个并发总耗时:0.00100016593933 秒
Thu, 27 Jul 2017 16:13:03 stress_test.py[line:24] INFO 线程初始化：thread0, 5
Thu, 27 Jul 2017 16:13:03 stress_test.py[line:16] INFO 发出请求...
Thu, 27 Jul 2017 16:13:03 stress_test.py[line:16] INFO 发出请求...
Thu, 27 Jul 2017 16:13:03 stress_test.py[line:16] INFO 发出请求...
Thu, 27 Jul 2017 16:13:03 stress_test.py[line:16] INFO 发出请求...
Thu, 27 Jul 2017 16:13:03 stress_test.py[line:16] INFO 发出请求...
Thu, 27 Jul 2017 16:13:03 stress_test.py[line:60] INFO 线程组61，运行1个并发总耗时:0.0 秒
Thu, 27 Jul 2017 16:13:03 stress_test.py[line:24] INFO 线程初始化：thread0, 5
Thu, 27 Jul 2017 16:13:03 stress_test.py[line:16] INFO 发出请求...
Thu, 27 Jul 2017 16:13:03 stress_test.py[line:16] INFO 发出请求...
Thu, 27 Jul 2017 16:13:03 stress_test.py[line:16] INFO 发出请求...
Thu, 27 Jul 2017 16:13:03 stress_test.py[line:16] INFO 发出请求...
Thu, 27 Jul 2017 16:13:03 stress_test.py[line:16] INFO 发出请求...
Thu, 27 Jul 2017 16:13:03 stress_test.py[line:60] INFO 线程组62，运行1个并发总耗时:0.000999927520752 秒
Thu, 27 Jul 2017 16:13:03 stress_test.py[line:24] INFO 线程初始化：thread0, 5
Thu, 27 Jul 2017 16:13:03 stress_test.py[line:16] INFO 发出请求...
Thu, 27 Jul 2017 16:13:03 stress_test.py[line:16] INFO 发出请求...
Thu, 27 Jul 2017 16:13:03 stress_test.py[line:16] INFO 发出请求...
Thu, 27 Jul 2017 16:13:03 stress_test.py[line:16] INFO 发出请求...
Thu, 27 Jul 2017 16:13:03 stress_test.py[line:16] INFO 发出请求...
Thu, 27 Jul 2017 16:13:03 stress_test.py[line:60] INFO 线程组63，运行1个并发总耗时:0.0 秒
Thu, 27 Jul 2017 16:13:03 stress_test.py[line:24] INFO 线程初始化：thread0, 5
Thu, 27 Jul 2017 16:13:03 stress_test.py[line:16] INFO 发出请求...
Thu, 27 Jul 2017 16:13:03 stress_test.py[line:16] INFO 发出请求...
Thu, 27 Jul 2017 16:13:03 stress_test.py[line:16] INFO 发出请求...
Thu, 27 Jul 2017 16:13:03 stress_test.py[line:16] INFO 发出请求...
Thu, 27 Jul 2017 16:13:03 stress_test.py[line:16] INFO 发出请求...
Thu, 27 Jul 2017 16:13:03 stress_test.py[line:60] INFO 线程组64，运行1个并发总耗时:0.0 秒
Thu, 27 Jul 2017 16:13:03 stress_test.py[line:24] INFO 线程初始化：thread0, 5
Thu, 27 Jul 2017 16:13:03 stress_test.py[line:16] INFO 发出请求...
Thu, 27 Jul 2017 16:13:03 stress_test.py[line:16] INFO 发出请求...
Thu, 27 Jul 2017 16:13:03 stress_test.py[line:16] INFO 发出请求...
Thu, 27 Jul 2017 16:13:03 stress_test.py[line:16] INFO 发出请求...
Thu, 27 Jul 2017 16:13:03 stress_test.py[line:16] INFO 发出请求...
Thu, 27 Jul 2017 16:13:03 stress_test.py[line:60] INFO 线程组65，运行1个并发总耗时:0.000999927520752 秒
Thu, 27 Jul 2017 16:13:03 stress_test.py[line:24] INFO 线程初始化：thread0, 5
Thu, 27 Jul 2017 16:13:03 stress_test.py[line:16] INFO 发出请求...
Thu, 27 Jul 2017 16:13:03 stress_test.py[line:16] INFO 发出请求...
Thu, 27 Jul 2017 16:13:03 stress_test.py[line:16] INFO 发出请求...
Thu, 27 Jul 2017 16:13:03 stress_test.py[line:16] INFO 发出请求...
Thu, 27 Jul 2017 16:13:03 stress_test.py[line:16] INFO 发出请求...
Thu, 27 Jul 2017 16:13:03 stress_test.py[line:60] INFO 线程组66，运行1个并发总耗时:0.0 秒
Thu, 27 Jul 2017 16:13:03 stress_test.py[line:24] INFO 线程初始化：thread0, 5
Thu, 27 Jul 2017 16:13:03 stress_test.py[line:16] INFO 发出请求...
Thu, 27 Jul 2017 16:13:03 stress_test.py[line:16] INFO 发出请求...
Thu, 27 Jul 2017 16:13:03 stress_test.py[line:16] INFO 发出请求...
Thu, 27 Jul 2017 16:13:03 stress_test.py[line:16] INFO 发出请求...
Thu, 27 Jul 2017 16:13:03 stress_test.py[line:16] INFO 发出请求...
Thu, 27 Jul 2017 16:13:03 stress_test.py[line:60] INFO 线程组67，运行1个并发总耗时:0.0 秒
Thu, 27 Jul 2017 16:13:03 stress_test.py[line:24] INFO 线程初始化：thread0, 5
Thu, 27 Jul 2017 16:13:03 stress_test.py[line:16] INFO 发出请求...
Thu, 27 Jul 2017 16:13:03 stress_test.py[line:16] INFO 发出请求...
Thu, 27 Jul 2017 16:13:03 stress_test.py[line:16] INFO 发出请求...
Thu, 27 Jul 2017 16:13:03 stress_test.py[line:16] INFO 发出请求...
Thu, 27 Jul 2017 16:13:03 stress_test.py[line:16] INFO 发出请求...
Thu, 27 Jul 2017 16:13:03 stress_test.py[line:60] INFO 线程组68，运行1个并发总耗时:0.00100016593933 秒
Thu, 27 Jul 2017 16:13:03 stress_test.py[line:24] INFO 线程初始化：thread0, 5
Thu, 27 Jul 2017 16:13:03 stress_test.py[line:16] INFO 发出请求...
Thu, 27 Jul 2017 16:13:03 stress_test.py[line:16] INFO 发出请求...
Thu, 27 Jul 2017 16:13:03 stress_test.py[line:16] INFO 发出请求...
Thu, 27 Jul 2017 16:13:03 stress_test.py[line:16] INFO 发出请求...
Thu, 27 Jul 2017 16:13:03 stress_test.py[line:16] INFO 发出请求...
Thu, 27 Jul 2017 16:13:03 stress_test.py[line:60] INFO 线程组69，运行1个并发总耗时:0.0 秒
Thu, 27 Jul 2017 16:13:03 stress_test.py[line:24] INFO 线程初始化：thread0, 5
Thu, 27 Jul 2017 16:13:03 stress_test.py[line:16] INFO 发出请求...
Thu, 27 Jul 2017 16:13:03 stress_test.py[line:16] INFO 发出请求...
Thu, 27 Jul 2017 16:13:03 stress_test.py[line:16] INFO 发出请求...
Thu, 27 Jul 2017 16:13:03 stress_test.py[line:16] INFO 发出请求...
Thu, 27 Jul 2017 16:13:03 stress_test.py[line:16] INFO 发出请求...
Thu, 27 Jul 2017 16:13:03 stress_test.py[line:60] INFO 线程组70，运行1个并发总耗时:0.000999927520752 秒
Thu, 27 Jul 2017 16:13:03 stress_test.py[line:24] INFO 线程初始化：thread0, 5
Thu, 27 Jul 2017 16:13:03 stress_test.py[line:16] INFO 发出请求...
Thu, 27 Jul 2017 16:13:03 stress_test.py[line:16] INFO 发出请求...
Thu, 27 Jul 2017 16:13:03 stress_test.py[line:16] INFO 发出请求...
Thu, 27 Jul 2017 16:13:03 stress_test.py[line:16] INFO 发出请求...
Thu, 27 Jul 2017 16:13:03 stress_test.py[line:16] INFO 发出请求...
Thu, 27 Jul 2017 16:13:03 stress_test.py[line:60] INFO 线程组71，运行1个并发总耗时:0.0 秒
Thu, 27 Jul 2017 16:13:03 stress_test.py[line:24] INFO 线程初始化：thread0, 5
Thu, 27 Jul 2017 16:13:03 stress_test.py[line:16] INFO 发出请求...
Thu, 27 Jul 2017 16:13:03 stress_test.py[line:16] INFO 发出请求...
Thu, 27 Jul 2017 16:13:03 stress_test.py[line:16] INFO 发出请求...
Thu, 27 Jul 2017 16:13:03 stress_test.py[line:16] INFO 发出请求...
Thu, 27 Jul 2017 16:13:03 stress_test.py[line:16] INFO 发出请求...
Thu, 27 Jul 2017 16:13:03 stress_test.py[line:60] INFO 线程组72，运行1个并发总耗时:0.0 秒
Thu, 27 Jul 2017 16:13:03 stress_test.py[line:24] INFO 线程初始化：thread0, 5
Thu, 27 Jul 2017 16:13:03 stress_test.py[line:16] INFO 发出请求...
Thu, 27 Jul 2017 16:13:03 stress_test.py[line:16] INFO 发出请求...
Thu, 27 Jul 2017 16:13:03 stress_test.py[line:16] INFO 发出请求...
Thu, 27 Jul 2017 16:13:03 stress_test.py[line:16] INFO 发出请求...
Thu, 27 Jul 2017 16:13:03 stress_test.py[line:16] INFO 发出请求...
Thu, 27 Jul 2017 16:13:03 stress_test.py[line:60] INFO 线程组73，运行1个并发总耗时:0.000999927520752 秒
Thu, 27 Jul 2017 16:13:03 stress_test.py[line:24] INFO 线程初始化：thread0, 5
Thu, 27 Jul 2017 16:13:03 stress_test.py[line:16] INFO 发出请求...
Thu, 27 Jul 2017 16:13:03 stress_test.py[line:16] INFO 发出请求...
Thu, 27 Jul 2017 16:13:03 stress_test.py[line:16] INFO 发出请求...
Thu, 27 Jul 2017 16:13:03 stress_test.py[line:16] INFO 发出请求...
Thu, 27 Jul 2017 16:13:03 stress_test.py[line:16] INFO 发出请求...
Thu, 27 Jul 2017 16:13:03 stress_test.py[line:60] INFO 线程组74，运行1个并发总耗时:0.0 秒
Thu, 27 Jul 2017 16:13:03 stress_test.py[line:24] INFO 线程初始化：thread0, 5
Thu, 27 Jul 2017 16:13:03 stress_test.py[line:16] INFO 发出请求...
Thu, 27 Jul 2017 16:13:03 stress_test.py[line:16] INFO 发出请求...
Thu, 27 Jul 2017 16:13:03 stress_test.py[line:16] INFO 发出请求...
Thu, 27 Jul 2017 16:13:03 stress_test.py[line:16] INFO 发出请求...
Thu, 27 Jul 2017 16:13:03 stress_test.py[line:16] INFO 发出请求...
Thu, 27 Jul 2017 16:13:03 stress_test.py[line:60] INFO 线程组75，运行1个并发总耗时:0.000999927520752 秒
Thu, 27 Jul 2017 16:13:03 stress_test.py[line:24] INFO 线程初始化：thread0, 5
Thu, 27 Jul 2017 16:13:03 stress_test.py[line:16] INFO 发出请求...
Thu, 27 Jul 2017 16:13:03 stress_test.py[line:16] INFO 发出请求...
Thu, 27 Jul 2017 16:13:03 stress_test.py[line:16] INFO 发出请求...
Thu, 27 Jul 2017 16:13:03 stress_test.py[line:16] INFO 发出请求...
Thu, 27 Jul 2017 16:13:03 stress_test.py[line:16] INFO 发出请求...
Thu, 27 Jul 2017 16:13:03 stress_test.py[line:60] INFO 线程组76，运行1个并发总耗时:0.0 秒
Thu, 27 Jul 2017 16:13:03 stress_test.py[line:24] INFO 线程初始化：thread0, 5
Thu, 27 Jul 2017 16:13:03 stress_test.py[line:16] INFO 发出请求...
Thu, 27 Jul 2017 16:13:03 stress_test.py[line:16] INFO 发出请求...
Thu, 27 Jul 2017 16:13:03 stress_test.py[line:16] INFO 发出请求...
Thu, 27 Jul 2017 16:13:03 stress_test.py[line:16] INFO 发出请求...
Thu, 27 Jul 2017 16:13:03 stress_test.py[line:16] INFO 发出请求...
Thu, 27 Jul 2017 16:13:03 stress_test.py[line:60] INFO 线程组77，运行1个并发总耗时:0.0 秒
Thu, 27 Jul 2017 16:13:03 stress_test.py[line:24] INFO 线程初始化：thread0, 5
Thu, 27 Jul 2017 16:13:03 stress_test.py[line:16] INFO 发出请求...
Thu, 27 Jul 2017 16:13:03 stress_test.py[line:16] INFO 发出请求...
Thu, 27 Jul 2017 16:13:03 stress_test.py[line:16] INFO 发出请求...
Thu, 27 Jul 2017 16:13:03 stress_test.py[line:16] INFO 发出请求...
Thu, 27 Jul 2017 16:13:03 stress_test.py[line:16] INFO 发出请求...
Thu, 27 Jul 2017 16:13:03 stress_test.py[line:60] INFO 线程组78，运行1个并发总耗时:0.00100016593933 秒
Thu, 27 Jul 2017 16:13:03 stress_test.py[line:24] INFO 线程初始化：thread0, 5
Thu, 27 Jul 2017 16:13:03 stress_test.py[line:16] INFO 发出请求...
Thu, 27 Jul 2017 16:13:03 stress_test.py[line:16] INFO 发出请求...
Thu, 27 Jul 2017 16:13:03 stress_test.py[line:16] INFO 发出请求...
Thu, 27 Jul 2017 16:13:03 stress_test.py[line:16] INFO 发出请求...
Thu, 27 Jul 2017 16:13:03 stress_test.py[line:16] INFO 发出请求...
Thu, 27 Jul 2017 16:13:03 stress_test.py[line:60] INFO 线程组79，运行1个并发总耗时:0.0 秒
Thu, 27 Jul 2017 16:13:03 stress_test.py[line:24] INFO 线程初始化：thread0, 5
Thu, 27 Jul 2017 16:13:03 stress_test.py[line:16] INFO 发出请求...
Thu, 27 Jul 2017 16:13:03 stress_test.py[line:16] INFO 发出请求...
Thu, 27 Jul 2017 16:13:03 stress_test.py[line:16] INFO 发出请求...
Thu, 27 Jul 2017 16:13:03 stress_test.py[line:16] INFO 发出请求...
Thu, 27 Jul 2017 16:13:03 stress_test.py[line:16] INFO 发出请求...
Thu, 27 Jul 2017 16:13:03 stress_test.py[line:60] INFO 线程组80，运行1个并发总耗时:0.000999927520752 秒
Thu, 27 Jul 2017 16:13:03 stress_test.py[line:24] INFO 线程初始化：thread0, 5
Thu, 27 Jul 2017 16:13:03 stress_test.py[line:16] INFO 发出请求...
Thu, 27 Jul 2017 16:13:03 stress_test.py[line:16] INFO 发出请求...
Thu, 27 Jul 2017 16:13:03 stress_test.py[line:16] INFO 发出请求...
Thu, 27 Jul 2017 16:13:03 stress_test.py[line:16] INFO 发出请求...
Thu, 27 Jul 2017 16:13:03 stress_test.py[line:16] INFO 发出请求...
Thu, 27 Jul 2017 16:13:03 stress_test.py[line:60] INFO 线程组81，运行1个并发总耗时:0.0 秒
Thu, 27 Jul 2017 16:13:03 stress_test.py[line:24] INFO 线程初始化：thread0, 5
Thu, 27 Jul 2017 16:13:03 stress_test.py[line:16] INFO 发出请求...
Thu, 27 Jul 2017 16:13:03 stress_test.py[line:16] INFO 发出请求...
Thu, 27 Jul 2017 16:13:03 stress_test.py[line:16] INFO 发出请求...
Thu, 27 Jul 2017 16:13:03 stress_test.py[line:16] INFO 发出请求...
Thu, 27 Jul 2017 16:13:03 stress_test.py[line:16] INFO 发出请求...
Thu, 27 Jul 2017 16:13:03 stress_test.py[line:60] INFO 线程组82，运行1个并发总耗时:0.0 秒
Thu, 27 Jul 2017 16:13:03 stress_test.py[line:24] INFO 线程初始化：thread0, 5
Thu, 27 Jul 2017 16:13:03 stress_test.py[line:16] INFO 发出请求...
Thu, 27 Jul 2017 16:13:03 stress_test.py[line:16] INFO 发出请求...
Thu, 27 Jul 2017 16:13:03 stress_test.py[line:16] INFO 发出请求...
Thu, 27 Jul 2017 16:13:03 stress_test.py[line:16] INFO 发出请求...
Thu, 27 Jul 2017 16:13:03 stress_test.py[line:16] INFO 发出请求...
Thu, 27 Jul 2017 16:13:03 stress_test.py[line:60] INFO 线程组83，运行1个并发总耗时:0.0 秒
Thu, 27 Jul 2017 16:13:03 stress_test.py[line:24] INFO 线程初始化：thread0, 5
Thu, 27 Jul 2017 16:13:03 stress_test.py[line:16] INFO 发出请求...
Thu, 27 Jul 2017 16:13:03 stress_test.py[line:16] INFO 发出请求...
Thu, 27 Jul 2017 16:13:03 stress_test.py[line:16] INFO 发出请求...
Thu, 27 Jul 2017 16:13:03 stress_test.py[line:16] INFO 发出请求...
Thu, 27 Jul 2017 16:13:03 stress_test.py[line:16] INFO 发出请求...
Thu, 27 Jul 2017 16:13:03 stress_test.py[line:60] INFO 线程组84，运行1个并发总耗时:0.0 秒
Thu, 27 Jul 2017 16:13:03 stress_test.py[line:24] INFO 线程初始化：thread0, 5
Thu, 27 Jul 2017 16:13:03 stress_test.py[line:16] INFO 发出请求...
Thu, 27 Jul 2017 16:13:03 stress_test.py[line:16] INFO 发出请求...
Thu, 27 Jul 2017 16:13:03 stress_test.py[line:16] INFO 发出请求...
Thu, 27 Jul 2017 16:13:03 stress_test.py[line:16] INFO 发出请求...
Thu, 27 Jul 2017 16:13:03 stress_test.py[line:16] INFO 发出请求...
Thu, 27 Jul 2017 16:13:03 stress_test.py[line:60] INFO 线程组85，运行1个并发总耗时:0.00100016593933 秒
Thu, 27 Jul 2017 16:13:03 stress_test.py[line:24] INFO 线程初始化：thread0, 5
Thu, 27 Jul 2017 16:13:03 stress_test.py[line:16] INFO 发出请求...
Thu, 27 Jul 2017 16:13:03 stress_test.py[line:16] INFO 发出请求...
Thu, 27 Jul 2017 16:13:03 stress_test.py[line:16] INFO 发出请求...
Thu, 27 Jul 2017 16:13:03 stress_test.py[line:16] INFO 发出请求...
Thu, 27 Jul 2017 16:13:03 stress_test.py[line:16] INFO 发出请求...
Thu, 27 Jul 2017 16:13:03 stress_test.py[line:60] INFO 线程组86，运行1个并发总耗时:0.0 秒
Thu, 27 Jul 2017 16:13:03 stress_test.py[line:24] INFO 线程初始化：thread0, 5
Thu, 27 Jul 2017 16:13:03 stress_test.py[line:16] INFO 发出请求...
Thu, 27 Jul 2017 16:13:03 stress_test.py[line:16] INFO 发出请求...
Thu, 27 Jul 2017 16:13:03 stress_test.py[line:16] INFO 发出请求...
Thu, 27 Jul 2017 16:13:03 stress_test.py[line:16] INFO 发出请求...
Thu, 27 Jul 2017 16:13:03 stress_test.py[line:16] INFO 发出请求...
Thu, 27 Jul 2017 16:13:03 stress_test.py[line:60] INFO 线程组87，运行1个并发总耗时:0.0 秒
Thu, 27 Jul 2017 16:13:03 stress_test.py[line:24] INFO 线程初始化：thread0, 5
Thu, 27 Jul 2017 16:13:03 stress_test.py[line:16] INFO 发出请求...
Thu, 27 Jul 2017 16:13:03 stress_test.py[line:16] INFO 发出请求...
Thu, 27 Jul 2017 16:13:03 stress_test.py[line:16] INFO 发出请求...
Thu, 27 Jul 2017 16:13:03 stress_test.py[line:16] INFO 发出请求...
Thu, 27 Jul 2017 16:13:03 stress_test.py[line:16] INFO 发出请求...
Thu, 27 Jul 2017 16:13:03 stress_test.py[line:60] INFO 线程组88，运行1个并发总耗时:0.000999927520752 秒
Thu, 27 Jul 2017 16:13:03 stress_test.py[line:24] INFO 线程初始化：thread0, 5
Thu, 27 Jul 2017 16:13:03 stress_test.py[line:16] INFO 发出请求...
Thu, 27 Jul 2017 16:13:03 stress_test.py[line:16] INFO 发出请求...
Thu, 27 Jul 2017 16:13:03 stress_test.py[line:16] INFO 发出请求...
Thu, 27 Jul 2017 16:13:03 stress_test.py[line:16] INFO 发出请求...
Thu, 27 Jul 2017 16:13:03 stress_test.py[line:16] INFO 发出请求...
Thu, 27 Jul 2017 16:13:03 stress_test.py[line:60] INFO 线程组89，运行1个并发总耗时:0.0 秒
Thu, 27 Jul 2017 16:13:03 stress_test.py[line:24] INFO 线程初始化：thread0, 5
Thu, 27 Jul 2017 16:13:03 stress_test.py[line:16] INFO 发出请求...
Thu, 27 Jul 2017 16:13:03 stress_test.py[line:16] INFO 发出请求...
Thu, 27 Jul 2017 16:13:03 stress_test.py[line:16] INFO 发出请求...
Thu, 27 Jul 2017 16:13:03 stress_test.py[line:16] INFO 发出请求...
Thu, 27 Jul 2017 16:13:03 stress_test.py[line:16] INFO 发出请求...
Thu, 27 Jul 2017 16:13:03 stress_test.py[line:60] INFO 线程组90，运行1个并发总耗时:0.000999927520752 秒
Thu, 27 Jul 2017 16:13:03 stress_test.py[line:24] INFO 线程初始化：thread0, 5
Thu, 27 Jul 2017 16:13:03 stress_test.py[line:16] INFO 发出请求...
Thu, 27 Jul 2017 16:13:03 stress_test.py[line:16] INFO 发出请求...
Thu, 27 Jul 2017 16:13:03 stress_test.py[line:16] INFO 发出请求...
Thu, 27 Jul 2017 16:13:03 stress_test.py[line:16] INFO 发出请求...
Thu, 27 Jul 2017 16:13:03 stress_test.py[line:16] INFO 发出请求...
Thu, 27 Jul 2017 16:13:03 stress_test.py[line:60] INFO 线程组91，运行1个并发总耗时:0.0 秒
Thu, 27 Jul 2017 16:13:03 stress_test.py[line:24] INFO 线程初始化：thread0, 5
Thu, 27 Jul 2017 16:13:03 stress_test.py[line:16] INFO 发出请求...
Thu, 27 Jul 2017 16:13:03 stress_test.py[line:16] INFO 发出请求...
Thu, 27 Jul 2017 16:13:03 stress_test.py[line:16] INFO 发出请求...
Thu, 27 Jul 2017 16:13:03 stress_test.py[line:16] INFO 发出请求...
Thu, 27 Jul 2017 16:13:03 stress_test.py[line:16] INFO 发出请求...
Thu, 27 Jul 2017 16:13:03 stress_test.py[line:60] INFO 线程组92，运行1个并发总耗时:0.00100016593933 秒
Thu, 27 Jul 2017 16:13:03 stress_test.py[line:24] INFO 线程初始化：thread0, 5
Thu, 27 Jul 2017 16:13:03 stress_test.py[line:16] INFO 发出请求...
Thu, 27 Jul 2017 16:13:03 stress_test.py[line:16] INFO 发出请求...
Thu, 27 Jul 2017 16:13:03 stress_test.py[line:16] INFO 发出请求...
Thu, 27 Jul 2017 16:13:03 stress_test.py[line:16] INFO 发出请求...
Thu, 27 Jul 2017 16:13:03 stress_test.py[line:16] INFO 发出请求...
Thu, 27 Jul 2017 16:13:03 stress_test.py[line:60] INFO 线程组93，运行1个并发总耗时:0.0 秒
Thu, 27 Jul 2017 16:13:03 stress_test.py[line:24] INFO 线程初始化：thread0, 5
Thu, 27 Jul 2017 16:13:03 stress_test.py[line:16] INFO 发出请求...
Thu, 27 Jul 2017 16:13:03 stress_test.py[line:16] INFO 发出请求...
Thu, 27 Jul 2017 16:13:03 stress_test.py[line:16] INFO 发出请求...
Thu, 27 Jul 2017 16:13:03 stress_test.py[line:16] INFO 发出请求...
Thu, 27 Jul 2017 16:13:03 stress_test.py[line:16] INFO 发出请求...
Thu, 27 Jul 2017 16:13:03 stress_test.py[line:60] INFO 线程组94，运行1个并发总耗时:0.0 秒
Thu, 27 Jul 2017 16:13:03 stress_test.py[line:24] INFO 线程初始化：thread0, 5
Thu, 27 Jul 2017 16:13:03 stress_test.py[line:16] INFO 发出请求...
Thu, 27 Jul 2017 16:13:03 stress_test.py[line:16] INFO 发出请求...
Thu, 27 Jul 2017 16:13:03 stress_test.py[line:16] INFO 发出请求...
Thu, 27 Jul 2017 16:13:03 stress_test.py[line:16] INFO 发出请求...
Thu, 27 Jul 2017 16:13:03 stress_test.py[line:16] INFO 发出请求...
Thu, 27 Jul 2017 16:13:03 stress_test.py[line:60] INFO 线程组95，运行1个并发总耗时:0.000999927520752 秒
Thu, 27 Jul 2017 16:13:03 stress_test.py[line:24] INFO 线程初始化：thread0, 5
Thu, 27 Jul 2017 16:13:03 stress_test.py[line:16] INFO 发出请求...
Thu, 27 Jul 2017 16:13:03 stress_test.py[line:16] INFO 发出请求...
Thu, 27 Jul 2017 16:13:03 stress_test.py[line:16] INFO 发出请求...
Thu, 27 Jul 2017 16:13:03 stress_test.py[line:16] INFO 发出请求...
Thu, 27 Jul 2017 16:13:03 stress_test.py[line:16] INFO 发出请求...
Thu, 27 Jul 2017 16:13:03 stress_test.py[line:60] INFO 线程组96，运行1个并发总耗时:0.0 秒
Thu, 27 Jul 2017 16:13:03 stress_test.py[line:24] INFO 线程初始化：thread0, 5
Thu, 27 Jul 2017 16:13:03 stress_test.py[line:16] INFO 发出请求...
Thu, 27 Jul 2017 16:13:03 stress_test.py[line:16] INFO 发出请求...
Thu, 27 Jul 2017 16:13:03 stress_test.py[line:16] INFO 发出请求...
Thu, 27 Jul 2017 16:13:03 stress_test.py[line:16] INFO 发出请求...
Thu, 27 Jul 2017 16:13:03 stress_test.py[line:16] INFO 发出请求...
Thu, 27 Jul 2017 16:13:03 stress_test.py[line:60] INFO 线程组97，运行1个并发总耗时:0.0 秒
Thu, 27 Jul 2017 16:13:03 stress_test.py[line:24] INFO 线程初始化：thread0, 5
Thu, 27 Jul 2017 16:13:03 stress_test.py[line:16] INFO 发出请求...
Thu, 27 Jul 2017 16:13:03 stress_test.py[line:16] INFO 发出请求...
Thu, 27 Jul 2017 16:13:03 stress_test.py[line:16] INFO 发出请求...
Thu, 27 Jul 2017 16:13:03 stress_test.py[line:16] INFO 发出请求...
Thu, 27 Jul 2017 16:13:03 stress_test.py[line:16] INFO 发出请求...
Thu, 27 Jul 2017 16:13:03 stress_test.py[line:60] INFO 线程组98，运行1个并发总耗时:0.00100016593933 秒
Thu, 27 Jul 2017 16:13:03 stress_test.py[line:24] INFO 线程初始化：thread0, 5
Thu, 27 Jul 2017 16:13:03 stress_test.py[line:16] INFO 发出请求...
Thu, 27 Jul 2017 16:13:03 stress_test.py[line:16] INFO 发出请求...
Thu, 27 Jul 2017 16:13:03 stress_test.py[line:16] INFO 发出请求...
Thu, 27 Jul 2017 16:13:03 stress_test.py[line:16] INFO 发出请求...
Thu, 27 Jul 2017 16:13:03 stress_test.py[line:16] INFO 发出请求...
Thu, 27 Jul 2017 16:13:03 stress_test.py[line:60] INFO 线程组99，运行1个并发总耗时:0.0 秒
Thu, 27 Jul 2017 16:13:03 stress_test.py[line:24] INFO 线程初始化：thread0, 5
Thu, 27 Jul 2017 16:13:03 stress_test.py[line:16] INFO 发出请求...
Thu, 27 Jul 2017 16:13:03 stress_test.py[line:16] INFO 发出请求...
Thu, 27 Jul 2017 16:13:03 stress_test.py[line:16] INFO 发出请求...
Thu, 27 Jul 2017 16:13:03 stress_test.py[line:16] INFO 发出请求...
Thu, 27 Jul 2017 16:13:03 stress_test.py[line:16] INFO 发出请求...
Thu, 27 Jul 2017 16:13:03 stress_test.py[line:60] INFO 线程组100，运行1个并发总耗时:0.0 秒
Thu, 27 Jul 2017 16:13:03 stress_test.py[line:24] INFO 线程初始化：thread0, 5
Thu, 27 Jul 2017 16:13:03 stress_test.py[line:16] INFO 发出请求...
Thu, 27 Jul 2017 16:13:03 stress_test.py[line:16] INFO 发出请求...
Thu, 27 Jul 2017 16:13:03 stress_test.py[line:16] INFO 发出请求...
Thu, 27 Jul 2017 16:13:03 stress_test.py[line:16] INFO 发出请求...
Thu, 27 Jul 2017 16:13:03 stress_test.py[line:16] INFO 发出请求...
Thu, 27 Jul 2017 16:13:03 stress_test.py[line:60] INFO 线程组101，运行1个并发总耗时:0.0 秒
Thu, 27 Jul 2017 16:13:03 stress_test.py[line:24] INFO 线程初始化：thread0, 5
Thu, 27 Jul 2017 16:13:03 stress_test.py[line:16] INFO 发出请求...
Thu, 27 Jul 2017 16:13:03 stress_test.py[line:16] INFO 发出请求...
Thu, 27 Jul 2017 16:13:03 stress_test.py[line:16] INFO 发出请求...
Thu, 27 Jul 2017 16:13:03 stress_test.py[line:16] INFO 发出请求...
Thu, 27 Jul 2017 16:13:03 stress_test.py[line:16] INFO 发出请求...
Thu, 27 Jul 2017 16:13:03 stress_test.py[line:60] INFO 线程组102，运行1个并发总耗时:0.0 秒
Thu, 27 Jul 2017 16:13:03 stress_test.py[line:24] INFO 线程初始化：thread0, 5
Thu, 27 Jul 2017 16:13:03 stress_test.py[line:16] INFO 发出请求...
Thu, 27 Jul 2017 16:13:03 stress_test.py[line:16] INFO 发出请求...
Thu, 27 Jul 2017 16:13:03 stress_test.py[line:16] INFO 发出请求...
Thu, 27 Jul 2017 16:13:03 stress_test.py[line:16] INFO 发出请求...
Thu, 27 Jul 2017 16:13:03 stress_test.py[line:16] INFO 发出请求...
Thu, 27 Jul 2017 16:13:03 stress_test.py[line:60] INFO 线程组103，运行1个并发总耗时:0.000999927520752 秒
Thu, 27 Jul 2017 16:13:03 stress_test.py[line:24] INFO 线程初始化：thread0, 5
Thu, 27 Jul 2017 16:13:03 stress_test.py[line:16] INFO 发出请求...
Thu, 27 Jul 2017 16:13:03 stress_test.py[line:16] INFO 发出请求...
Thu, 27 Jul 2017 16:13:03 stress_test.py[line:16] INFO 发出请求...
Thu, 27 Jul 2017 16:13:03 stress_test.py[line:16] INFO 发出请求...
Thu, 27 Jul 2017 16:13:03 stress_test.py[line:16] INFO 发出请求...
Thu, 27 Jul 2017 16:13:03 stress_test.py[line:60] INFO 线程组104，运行1个并发总耗时:0.0 秒
Thu, 27 Jul 2017 16:13:03 stress_test.py[line:24] INFO 线程初始化：thread0, 5
Thu, 27 Jul 2017 16:13:03 stress_test.py[line:16] INFO 发出请求...
Thu, 27 Jul 2017 16:13:03 stress_test.py[line:16] INFO 发出请求...
Thu, 27 Jul 2017 16:13:03 stress_test.py[line:16] INFO 发出请求...
Thu, 27 Jul 2017 16:13:03 stress_test.py[line:16] INFO 发出请求...
Thu, 27 Jul 2017 16:13:03 stress_test.py[line:16] INFO 发出请求...
Thu, 27 Jul 2017 16:13:03 stress_test.py[line:60] INFO 线程组105，运行1个并发总耗时:0.0 秒
Thu, 27 Jul 2017 16:13:03 stress_test.py[line:24] INFO 线程初始化：thread0, 5
Thu, 27 Jul 2017 16:13:03 stress_test.py[line:16] INFO 发出请求...
Thu, 27 Jul 2017 16:13:03 stress_test.py[line:16] INFO 发出请求...
Thu, 27 Jul 2017 16:13:03 stress_test.py[line:16] INFO 发出请求...
Thu, 27 Jul 2017 16:13:03 stress_test.py[line:16] INFO 发出请求...
Thu, 27 Jul 2017 16:13:03 stress_test.py[line:16] INFO 发出请求...
Thu, 27 Jul 2017 16:13:03 stress_test.py[line:60] INFO 线程组106，运行1个并发总耗时:0.000999927520752 秒
Thu, 27 Jul 2017 16:13:03 stress_test.py[line:24] INFO 线程初始化：thread0, 5
Thu, 27 Jul 2017 16:13:03 stress_test.py[line:16] INFO 发出请求...
Thu, 27 Jul 2017 16:13:03 stress_test.py[line:16] INFO 发出请求...
Thu, 27 Jul 2017 16:13:03 stress_test.py[line:16] INFO 发出请求...
Thu, 27 Jul 2017 16:13:03 stress_test.py[line:16] INFO 发出请求...
Thu, 27 Jul 2017 16:13:03 stress_test.py[line:16] INFO 发出请求...
Thu, 27 Jul 2017 16:13:03 stress_test.py[line:60] INFO 线程组107，运行1个并发总耗时:0.0 秒
Thu, 27 Jul 2017 16:13:03 stress_test.py[line:24] INFO 线程初始化：thread0, 5
Thu, 27 Jul 2017 16:13:03 stress_test.py[line:16] INFO 发出请求...
Thu, 27 Jul 2017 16:13:03 stress_test.py[line:16] INFO 发出请求...
Thu, 27 Jul 2017 16:13:03 stress_test.py[line:16] INFO 发出请求...
Thu, 27 Jul 2017 16:13:03 stress_test.py[line:16] INFO 发出请求...
Thu, 27 Jul 2017 16:13:03 stress_test.py[line:16] INFO 发出请求...
Thu, 27 Jul 2017 16:13:03 stress_test.py[line:60] INFO 线程组108，运行1个并发总耗时:0.00100016593933 秒
Thu, 27 Jul 2017 16:13:03 stress_test.py[line:24] INFO 线程初始化：thread0, 5
Thu, 27 Jul 2017 16:13:03 stress_test.py[line:16] INFO 发出请求...
Thu, 27 Jul 2017 16:13:03 stress_test.py[line:16] INFO 发出请求...
Thu, 27 Jul 2017 16:13:03 stress_test.py[line:16] INFO 发出请求...
Thu, 27 Jul 2017 16:13:03 stress_test.py[line:16] INFO 发出请求...
Thu, 27 Jul 2017 16:13:03 stress_test.py[line:16] INFO 发出请求...
Thu, 27 Jul 2017 16:13:03 stress_test.py[line:60] INFO 线程组109，运行1个并发总耗时:0.0 秒
Thu, 27 Jul 2017 16:13:03 stress_test.py[line:24] INFO 线程初始化：thread0, 5
Thu, 27 Jul 2017 16:13:03 stress_test.py[line:16] INFO 发出请求...
Thu, 27 Jul 2017 16:13:03 stress_test.py[line:16] INFO 发出请求...
Thu, 27 Jul 2017 16:13:03 stress_test.py[line:16] INFO 发出请求...
Thu, 27 Jul 2017 16:13:03 stress_test.py[line:16] INFO 发出请求...
Thu, 27 Jul 2017 16:13:03 stress_test.py[line:16] INFO 发出请求...
Thu, 27 Jul 2017 16:13:03 stress_test.py[line:60] INFO 线程组110，运行1个并发总耗时:0.0 秒
Thu, 27 Jul 2017 16:13:03 stress_test.py[line:24] INFO 线程初始化：thread0, 5
Thu, 27 Jul 2017 16:13:03 stress_test.py[line:16] INFO 发出请求...
Thu, 27 Jul 2017 16:13:03 stress_test.py[line:16] INFO 发出请求...
Thu, 27 Jul 2017 16:13:03 stress_test.py[line:16] INFO 发出请求...
Thu, 27 Jul 2017 16:13:03 stress_test.py[line:16] INFO 发出请求...
Thu, 27 Jul 2017 16:13:03 stress_test.py[line:16] INFO 发出请求...
Thu, 27 Jul 2017 16:13:03 stress_test.py[line:60] INFO 线程组111，运行1个并发总耗时:0.000999927520752 秒
Thu, 27 Jul 2017 16:13:03 stress_test.py[line:24] INFO 线程初始化：thread0, 5
Thu, 27 Jul 2017 16:13:03 stress_test.py[line:16] INFO 发出请求...
Thu, 27 Jul 2017 16:13:03 stress_test.py[line:16] INFO 发出请求...
Thu, 27 Jul 2017 16:13:03 stress_test.py[line:16] INFO 发出请求...
Thu, 27 Jul 2017 16:13:03 stress_test.py[line:16] INFO 发出请求...
Thu, 27 Jul 2017 16:13:03 stress_test.py[line:16] INFO 发出请求...
Thu, 27 Jul 2017 16:13:03 stress_test.py[line:60] INFO 线程组112，运行1个并发总耗时:0.0 秒
Thu, 27 Jul 2017 16:13:03 stress_test.py[line:24] INFO 线程初始化：thread0, 5
Thu, 27 Jul 2017 16:13:03 stress_test.py[line:16] INFO 发出请求...
Thu, 27 Jul 2017 16:13:03 stress_test.py[line:16] INFO 发出请求...
Thu, 27 Jul 2017 16:13:03 stress_test.py[line:16] INFO 发出请求...
Thu, 27 Jul 2017 16:13:03 stress_test.py[line:16] INFO 发出请求...
Thu, 27 Jul 2017 16:13:03 stress_test.py[line:16] INFO 发出请求...
Thu, 27 Jul 2017 16:13:03 stress_test.py[line:60] INFO 线程组113，运行1个并发总耗时:0.0 秒
Thu, 27 Jul 2017 16:13:03 stress_test.py[line:24] INFO 线程初始化：thread0, 5
Thu, 27 Jul 2017 16:13:03 stress_test.py[line:16] INFO 发出请求...
Thu, 27 Jul 2017 16:13:03 stress_test.py[line:16] INFO 发出请求...
Thu, 27 Jul 2017 16:13:03 stress_test.py[line:16] INFO 发出请求...
Thu, 27 Jul 2017 16:13:03 stress_test.py[line:16] INFO 发出请求...
Thu, 27 Jul 2017 16:13:03 stress_test.py[line:16] INFO 发出请求...
Thu, 27 Jul 2017 16:13:03 stress_test.py[line:60] INFO 线程组114，运行1个并发总耗时:0.0 秒
Thu, 27 Jul 2017 16:13:03 stress_test.py[line:24] INFO 线程初始化：thread0, 5
Thu, 27 Jul 2017 16:13:03 stress_test.py[line:16] INFO 发出请求...
Thu, 27 Jul 2017 16:13:03 stress_test.py[line:16] INFO 发出请求...
Thu, 27 Jul 2017 16:13:03 stress_test.py[line:16] INFO 发出请求...
Thu, 27 Jul 2017 16:13:03 stress_test.py[line:16] INFO 发出请求...
Thu, 27 Jul 2017 16:13:03 stress_test.py[line:16] INFO 发出请求...
Thu, 27 Jul 2017 16:13:03 stress_test.py[line:60] INFO 线程组115，运行1个并发总耗时:0.0 秒
Thu, 27 Jul 2017 16:13:03 stress_test.py[line:24] INFO 线程初始化：thread0, 5
Thu, 27 Jul 2017 16:13:03 stress_test.py[line:16] INFO 发出请求...
Thu, 27 Jul 2017 16:13:03 stress_test.py[line:16] INFO 发出请求...
Thu, 27 Jul 2017 16:13:03 stress_test.py[line:16] INFO 发出请求...
Thu, 27 Jul 2017 16:13:03 stress_test.py[line:16] INFO 发出请求...
Thu, 27 Jul 2017 16:13:03 stress_test.py[line:16] INFO 发出请求...
Thu, 27 Jul 2017 16:13:03 stress_test.py[line:60] INFO 线程组116，运行1个并发总耗时:0.00100016593933 秒
Thu, 27 Jul 2017 16:13:03 stress_test.py[line:24] INFO 线程初始化：thread0, 5
Thu, 27 Jul 2017 16:13:03 stress_test.py[line:16] INFO 发出请求...
Thu, 27 Jul 2017 16:13:03 stress_test.py[line:16] INFO 发出请求...
Thu, 27 Jul 2017 16:13:03 stress_test.py[line:16] INFO 发出请求...
Thu, 27 Jul 2017 16:13:03 stress_test.py[line:16] INFO 发出请求...
Thu, 27 Jul 2017 16:13:03 stress_test.py[line:16] INFO 发出请求...
Thu, 27 Jul 2017 16:13:03 stress_test.py[line:60] INFO 线程组117，运行1个并发总耗时:0.0 秒
Thu, 27 Jul 2017 16:13:03 stress_test.py[line:24] INFO 线程初始化：thread0, 5
Thu, 27 Jul 2017 16:13:03 stress_test.py[line:16] INFO 发出请求...
Thu, 27 Jul 2017 16:13:03 stress_test.py[line:16] INFO 发出请求...
Thu, 27 Jul 2017 16:13:03 stress_test.py[line:16] INFO 发出请求...
Thu, 27 Jul 2017 16:13:03 stress_test.py[line:16] INFO 发出请求...
Thu, 27 Jul 2017 16:13:03 stress_test.py[line:16] INFO 发出请求...
Thu, 27 Jul 2017 16:13:03 stress_test.py[line:60] INFO 线程组118，运行1个并发总耗时:0.000999927520752 秒
Thu, 27 Jul 2017 16:13:03 stress_test.py[line:24] INFO 线程初始化：thread0, 5
Thu, 27 Jul 2017 16:13:03 stress_test.py[line:16] INFO 发出请求...
Thu, 27 Jul 2017 16:13:03 stress_test.py[line:16] INFO 发出请求...
Thu, 27 Jul 2017 16:13:03 stress_test.py[line:16] INFO 发出请求...
Thu, 27 Jul 2017 16:13:03 stress_test.py[line:16] INFO 发出请求...
Thu, 27 Jul 2017 16:13:03 stress_test.py[line:16] INFO 发出请求...
Thu, 27 Jul 2017 16:13:03 stress_test.py[line:60] INFO 线程组119，运行1个并发总耗时:0.0 秒
Thu, 27 Jul 2017 16:13:03 stress_test.py[line:24] INFO 线程初始化：thread0, 5
Thu, 27 Jul 2017 16:13:03 stress_test.py[line:16] INFO 发出请求...
Thu, 27 Jul 2017 16:13:03 stress_test.py[line:16] INFO 发出请求...
Thu, 27 Jul 2017 16:13:03 stress_test.py[line:16] INFO 发出请求...
Thu, 27 Jul 2017 16:13:03 stress_test.py[line:16] INFO 发出请求...
Thu, 27 Jul 2017 16:13:03 stress_test.py[line:16] INFO 发出请求...
Thu, 27 Jul 2017 16:13:03 stress_test.py[line:60] INFO 线程组120，运行1个并发总耗时:0.000999927520752 秒
Thu, 27 Jul 2017 16:13:03 stress_test.py[line:24] INFO 线程初始化：thread0, 5
Thu, 27 Jul 2017 16:13:03 stress_test.py[line:16] INFO 发出请求...
Thu, 27 Jul 2017 16:13:03 stress_test.py[line:16] INFO 发出请求...
Thu, 27 Jul 2017 16:13:03 stress_test.py[line:16] INFO 发出请求...
Thu, 27 Jul 2017 16:13:03 stress_test.py[line:16] INFO 发出请求...
Thu, 27 Jul 2017 16:13:03 stress_test.py[line:16] INFO 发出请求...
Thu, 27 Jul 2017 16:13:03 stress_test.py[line:60] INFO 线程组121，运行1个并发总耗时:0.0 秒
Thu, 27 Jul 2017 16:13:03 stress_test.py[line:24] INFO 线程初始化：thread0, 5
Thu, 27 Jul 2017 16:13:03 stress_test.py[line:16] INFO 发出请求...
Thu, 27 Jul 2017 16:13:03 stress_test.py[line:16] INFO 发出请求...
Thu, 27 Jul 2017 16:13:03 stress_test.py[line:16] INFO 发出请求...
Thu, 27 Jul 2017 16:13:03 stress_test.py[line:16] INFO 发出请求...
Thu, 27 Jul 2017 16:13:03 stress_test.py[line:16] INFO 发出请求...
Thu, 27 Jul 2017 16:13:03 stress_test.py[line:60] INFO 线程组122，运行1个并发总耗时:0.00100016593933 秒
Thu, 27 Jul 2017 16:13:03 stress_test.py[line:24] INFO 线程初始化：thread0, 5
Thu, 27 Jul 2017 16:13:03 stress_test.py[line:16] INFO 发出请求...
Thu, 27 Jul 2017 16:13:03 stress_test.py[line:16] INFO 发出请求...
Thu, 27 Jul 2017 16:13:03 stress_test.py[line:16] INFO 发出请求...
Thu, 27 Jul 2017 16:13:03 stress_test.py[line:16] INFO 发出请求...
Thu, 27 Jul 2017 16:13:03 stress_test.py[line:16] INFO 发出请求...
Thu, 27 Jul 2017 16:13:03 stress_test.py[line:60] INFO 线程组123，运行1个并发总耗时:0.0 秒
Thu, 27 Jul 2017 16:13:03 stress_test.py[line:24] INFO 线程初始化：thread0, 5
Thu, 27 Jul 2017 16:13:03 stress_test.py[line:16] INFO 发出请求...
Thu, 27 Jul 2017 16:13:03 stress_test.py[line:16] INFO 发出请求...
Thu, 27 Jul 2017 16:13:03 stress_test.py[line:16] INFO 发出请求...
Thu, 27 Jul 2017 16:13:03 stress_test.py[line:16] INFO 发出请求...
Thu, 27 Jul 2017 16:13:03 stress_test.py[line:16] INFO 发出请求...
Thu, 27 Jul 2017 16:13:03 stress_test.py[line:60] INFO 线程组124，运行1个并发总耗时:0.0 秒
Thu, 27 Jul 2017 16:13:03 stress_test.py[line:24] INFO 线程初始化：thread0, 5
Thu, 27 Jul 2017 16:13:03 stress_test.py[line:16] INFO 发出请求...
Thu, 27 Jul 2017 16:13:03 stress_test.py[line:16] INFO 发出请求...
Thu, 27 Jul 2017 16:13:03 stress_test.py[line:16] INFO 发出请求...
Thu, 27 Jul 2017 16:13:03 stress_test.py[line:16] INFO 发出请求...
Thu, 27 Jul 2017 16:13:03 stress_test.py[line:16] INFO 发出请求...
Thu, 27 Jul 2017 16:13:03 stress_test.py[line:60] INFO 线程组125，运行1个并发总耗时:0.000999927520752 秒
Thu, 27 Jul 2017 16:13:03 stress_test.py[line:24] INFO 线程初始化：thread0, 5
Thu, 27 Jul 2017 16:13:03 stress_test.py[line:16] INFO 发出请求...
Thu, 27 Jul 2017 16:13:03 stress_test.py[line:16] INFO 发出请求...
Thu, 27 Jul 2017 16:13:03 stress_test.py[line:16] INFO 发出请求...
Thu, 27 Jul 2017 16:13:03 stress_test.py[line:16] INFO 发出请求...
Thu, 27 Jul 2017 16:13:03 stress_test.py[line:16] INFO 发出请求...
Thu, 27 Jul 2017 16:13:03 stress_test.py[line:60] INFO 线程组126，运行1个并发总耗时:0.0 秒
Thu, 27 Jul 2017 16:13:03 stress_test.py[line:24] INFO 线程初始化：thread0, 5
Thu, 27 Jul 2017 16:13:03 stress_test.py[line:16] INFO 发出请求...
Thu, 27 Jul 2017 16:13:03 stress_test.py[line:16] INFO 发出请求...
Thu, 27 Jul 2017 16:13:03 stress_test.py[line:16] INFO 发出请求...
Thu, 27 Jul 2017 16:13:03 stress_test.py[line:16] INFO 发出请求...
Thu, 27 Jul 2017 16:13:03 stress_test.py[line:16] INFO 发出请求...
Thu, 27 Jul 2017 16:13:03 stress_test.py[line:60] INFO 线程组127，运行1个并发总耗时:0.0 秒
Thu, 27 Jul 2017 16:13:03 stress_test.py[line:24] INFO 线程初始化：thread0, 5
Thu, 27 Jul 2017 16:13:03 stress_test.py[line:16] INFO 发出请求...
Thu, 27 Jul 2017 16:13:03 stress_test.py[line:16] INFO 发出请求...
Thu, 27 Jul 2017 16:13:03 stress_test.py[line:16] INFO 发出请求...
Thu, 27 Jul 2017 16:13:03 stress_test.py[line:16] INFO 发出请求...
Thu, 27 Jul 2017 16:13:03 stress_test.py[line:16] INFO 发出请求...
Thu, 27 Jul 2017 16:13:03 stress_test.py[line:60] INFO 线程组128，运行1个并发总耗时:0.0 秒
Thu, 27 Jul 2017 16:13:03 stress_test.py[line:24] INFO 线程初始化：thread0, 5
Thu, 27 Jul 2017 16:13:03 stress_test.py[line:16] INFO 发出请求...
Thu, 27 Jul 2017 16:13:03 stress_test.py[line:16] INFO 发出请求...
Thu, 27 Jul 2017 16:13:03 stress_test.py[line:16] INFO 发出请求...
Thu, 27 Jul 2017 16:13:03 stress_test.py[line:16] INFO 发出请求...
Thu, 27 Jul 2017 16:13:03 stress_test.py[line:16] INFO 发出请求...
Thu, 27 Jul 2017 16:13:03 stress_test.py[line:60] INFO 线程组129，运行1个并发总耗时:0.00100016593933 秒
Thu, 27 Jul 2017 16:13:03 stress_test.py[line:24] INFO 线程初始化：thread0, 5
Thu, 27 Jul 2017 16:13:03 stress_test.py[line:16] INFO 发出请求...
Thu, 27 Jul 2017 16:13:03 stress_test.py[line:16] INFO 发出请求...
Thu, 27 Jul 2017 16:13:03 stress_test.py[line:16] INFO 发出请求...
Thu, 27 Jul 2017 16:13:03 stress_test.py[line:16] INFO 发出请求...
Thu, 27 Jul 2017 16:13:03 stress_test.py[line:16] INFO 发出请求...
Thu, 27 Jul 2017 16:13:03 stress_test.py[line:60] INFO 线程组130，运行1个并发总耗时:0.0 秒
Thu, 27 Jul 2017 16:13:03 stress_test.py[line:24] INFO 线程初始化：thread0, 5
Thu, 27 Jul 2017 16:13:03 stress_test.py[line:16] INFO 发出请求...
Thu, 27 Jul 2017 16:13:03 stress_test.py[line:16] INFO 发出请求...
Thu, 27 Jul 2017 16:13:03 stress_test.py[line:16] INFO 发出请求...
Thu, 27 Jul 2017 16:13:03 stress_test.py[line:16] INFO 发出请求...
Thu, 27 Jul 2017 16:13:03 stress_test.py[line:16] INFO 发出请求...
Thu, 27 Jul 2017 16:13:03 stress_test.py[line:60] INFO 线程组131，运行1个并发总耗时:0.000999927520752 秒
Thu, 27 Jul 2017 16:13:03 stress_test.py[line:24] INFO 线程初始化：thread0, 5
Thu, 27 Jul 2017 16:13:03 stress_test.py[line:16] INFO 发出请求...
Thu, 27 Jul 2017 16:13:03 stress_test.py[line:16] INFO 发出请求...
Thu, 27 Jul 2017 16:13:03 stress_test.py[line:16] INFO 发出请求...
Thu, 27 Jul 2017 16:13:03 stress_test.py[line:16] INFO 发出请求...
Thu, 27 Jul 2017 16:13:03 stress_test.py[line:16] INFO 发出请求...
Thu, 27 Jul 2017 16:13:03 stress_test.py[line:60] INFO 线程组132，运行1个并发总耗时:0.0 秒
Thu, 27 Jul 2017 16:13:03 stress_test.py[line:24] INFO 线程初始化：thread0, 5
Thu, 27 Jul 2017 16:13:03 stress_test.py[line:16] INFO 发出请求...
Thu, 27 Jul 2017 16:13:03 stress_test.py[line:16] INFO 发出请求...
Thu, 27 Jul 2017 16:13:03 stress_test.py[line:16] INFO 发出请求...
Thu, 27 Jul 2017 16:13:03 stress_test.py[line:16] INFO 发出请求...
Thu, 27 Jul 2017 16:13:03 stress_test.py[line:16] INFO 发出请求...
Thu, 27 Jul 2017 16:13:03 stress_test.py[line:60] INFO 线程组133，运行1个并发总耗时:0.000999927520752 秒
Thu, 27 Jul 2017 16:13:03 stress_test.py[line:78] INFO 共启动133个线程组，每组1个线程，共发起请求次数 665 
Thu, 27 Jul 2017 16:13:03 stress_test.py[line:79] INFO 总运行时长时间 = 0.0609998703003
Thu, 27 Jul 2017 16:13:03 stress_test.py[line:80] INFO 平均响应时间 = 9.17291282711e-05
Thu, 27 Jul 2017 16:13:03 stress_test.py[line:81] INFO TPS = 10901.6625236
